
> furiart@0.1.0 build
> next build

  Γû▓ Next.js 15.0.0

   Creating an optimized production build ...
npm : Failed to compile.
At line:1 char:1
+ npm run build > build_output.log 2>&1
+ ~~~~~~~~~~~~~~~~~~~~~~~~~~~~~~~~~~~~~
    + CategoryInfo          : NotSpecified: (Failed to compile.:String) [], RemoteException
    + FullyQualifiedErrorId : NativeCommandError
 

./app/globals.css.webpack[javascript/auto]!=!./node_modules/next/dist/build/webpack/loaders/css-loader/src/index.js??ru
leSet[1].rules[13].oneOf[10].use[2]!./node_modules/next/dist/build/webpack/loaders/postcss-loader/src/index.js??ruleSet
[1].rules[13].oneOf[10].use[3]!./app/globals.css
Error: Missing field `negated` on ScannerOptions.sources
    at Object.Once (E:\furiart\node_modules\@tailwindcss\postcss\dist\index.js:8:4164)
    at async LazyResult.runAsync (E:\furiart\node_modules\next\node_modules\postcss\lib\lazy-result.js:261:11)
    at async Span.traceAsyncFn (E:\furiart\node_modules\next\dist\trace\trace.js:157:20)
    at async E:\furiart\node_modules\next\dist\build\webpack\loaders\postcss-loader\src\index.js:54:22
    at async Span.traceAsyncFn (E:\furiart\node_modules\next\dist\trace\trace.js:157:20)

Import trace for requested module:
./app/globals.css.webpack[javascript/auto]!=!./node_modules/next/dist/build/webpack/loaders/css-loader/src/index.js??ru
leSet[1].rules[13].oneOf[10].use[2]!./node_modules/next/dist/build/webpack/loaders/postcss-loader/src/index.js??ruleSet
[1].rules[13].oneOf[10].use[3]!./app/globals.css
./app/globals.css

./app/globals.css
Error: Missing field `negated` on ScannerOptions.sources
    at Object.Once (E:\furiart\node_modules\@tailwindcss\postcss\dist\index.js:8:4164)
    at async LazyResult.runAsync (E:\furiart\node_modules\next\node_modules\postcss\lib\lazy-result.js:261:11)
    at async Span.traceAsyncFn (E:\furiart\node_modules\next\dist\trace\trace.js:157:20)
    at async E:\furiart\node_modules\next\dist\build\webpack\loaders\postcss-loader\src\index.js:54:22
    at async Span.traceAsyncFn (E:\furiart\node_modules\next\dist\trace\trace.js:157:20)
    at tryRunOrWebpackError (E:\furiart\node_modules\next\dist\compiled\webpack\bundle5.js:28:313010)
    at __webpack_require_module__ (E:\furiart\node_modules\next\dist\compiled\webpack\bundle5.js:28:131165)
    at __nested_webpack_require_153728__ (E:\furiart\node_modules\next\dist\compiled\webpack\bundle5.js:28:130607)
    at E:\furiart\node_modules\next\dist\compiled\webpack\bundle5.js:28:131454
    at symbolIterator (E:\furiart\node_modules\next\dist\compiled\neo-async\async.js:1:14444)
    at done (E:\furiart\node_modules\next\dist\compiled\neo-async\async.js:1:14824)
    at Hook.eval [as callAsync] (eval at create 
(E:\furiart\node_modules\next\dist\compiled\webpack\bundle5.js:13:28858), <anonymous>:15:1)
    at Hook.CALL_ASYNC_DELEGATE [as _callAsync] 
(E:\furiart\node_modules\next\dist\compiled\webpack\bundle5.js:13:26012)
    at E:\furiart\node_modules\next\dist\compiled\webpack\bundle5.js:28:130328
    at symbolIterator (E:\furiart\node_modules\next\dist\compiled\neo-async\async.js:1:14402)
-- inner error --
Error: Missing field `negated` on ScannerOptions.sources
    at Object.Once (E:\furiart\node_modules\@tailwindcss\postcss\dist\index.js:8:4164)
    at async LazyResult.runAsync (E:\furiart\node_modules\next\node_modules\postcss\lib\lazy-result.js:261:11)
    at async Span.traceAsyncFn (E:\furiart\node_modules\next\dist\trace\trace.js:157:20)
    at async E:\furiart\node_modules\next\dist\build\webpack\loaders\postcss-loader\src\index.js:54:22
    at async Span.traceAsyncFn (E:\furiart\node_modules\next\dist\trace\trace.js:157:20)
    at Object.<anonymous> (E:\furiart\node_modules\next\dist\build\webpack\loaders\css-loader\src\index.js??ruleSet[1].
rules[13].oneOf[10].use[2]!E:\furiart\node_modules\next\dist\build\webpack\loaders\postcss-loader\src\index.js??ruleSet
[1].rules[13].oneOf[10].use[3]!E:\furiart\app\globals.css:1:7)
    at E:\furiart\node_modules\next\dist\compiled\webpack\bundle5.js:28:922602
    at Hook.eval [as call] (eval at create (E:\furiart\node_modules\next\dist\compiled\webpack\bundle5.js:13:28636), 
<anonymous>:7:1)
    at Hook.CALL_DELEGATE [as _call] (E:\furiart\node_modules\next\dist\compiled\webpack\bundle5.js:13:25906)
    at E:\furiart\node_modules\next\dist\compiled\webpack\bundle5.js:28:131198
    at tryRunOrWebpackError (E:\furiart\node_modules\next\dist\compiled\webpack\bundle5.js:28:312964)
    at __webpack_require_module__ (E:\furiart\node_modules\next\dist\compiled\webpack\bundle5.js:28:131165)
    at __nested_webpack_require_153728__ (E:\furiart\node_modules\next\dist\compiled\webpack\bundle5.js:28:130607)
    at E:\furiart\node_modules\next\dist\compiled\webpack\bundle5.js:28:131454
    at symbolIterator (E:\furiart\node_modules\next\dist\compiled\neo-async\async.js:1:14444)

Generated code for E:\furiart\node_modules\next\dist\build\webpack\loaders\css-loader\src\index.js??ruleSet[1].rules[13
].oneOf[10].use[2]!E:\furiart\node_modules\next\dist\build\webpack\loaders\postcss-loader\src\index.js??ruleSet[1].rule
s[13].oneOf[10].use[3]!E:\furiart\app\globals.css

Import trace for requested module:
./app/globals.css


> Build failed because of webpack errors
